[0m[1mbun test [0m[2mv1.2.19 (aad3abea)[0m
  ____                             ____            _       _      _   _       _         _  
 / ___|  ___ _ ____   _____ _ __  | __ ) _   _  __| | __ _| | __ | \ | | __ _| | ____ _| | 
 \___ \ / _ \ '__\ \ / / _ \ '__| |  _ \| | | |/ _` |/ _` | |/ / |  \| |/ _` | |/ / _` | | 
  ___) |  __/ |   \ V /  __/ |    | |_) | |_| | (_| | (_| |   <  | |\  | (_| |   < (_| | | 
 |____/ \___|_|    \_/ \___|_|    |____/ \__,_|\__,_|\__,_|_|\_\ |_| \_|\__,_|_|\_\__,_|_| 
                                                                                           
Connecting to mongoDB..... 
{"level":"debug","message":{"errors":"[\n  {\n    \"origin\": \"string\",\n    \"code\": \"too_small\",\n    \"minimum\": 3,\n    \"inclusive\": true,\n    \"path\": [\n      \"username\"\n    ],\n    \"message\": \"Too small: expected string to have >=3 characters\"\n  },\n  {\n    \"origin\": \"string\",\n    \"code\": \"too_small\",\n    \"minimum\": 3,\n    \"inclusive\": true,\n    \"path\": [\n      \"password\"\n    ],\n    \"message\": \"Too small: expected string to have >=3 characters\"\n  },\n  {\n    \"origin\": \"string\",\n    \"code\": \"too_small\",\n    \"minimum\": 3,\n    \"inclusive\": true,\n    \"path\": [\n      \"name\"\n    ],\n    \"message\": \"Too small: expected string to have >=3 characters\"\n  }\n]"}}
deleting....
Connected to MongoDB :) 31.180499999999995 miliseconds
Pinging to MongoDB........
Ping received back from server.
deleted
Creating user...
User Created
{"level":"debug","message":{"errors":"Username is taken"}}
deleting....
